device=cpu
[1] native_p001_s1011 clip_i=drift clip_t=correct dino=drift
[2] routed_p001_s1011 clip_i=drift clip_t=drift dino=drift
[3] uniform_p001_s1011 clip_i=drift clip_t=drift dino=drift
[4] native_p001_s1012 clip_i=drift clip_t=drift dino=drift
[5] routed_p001_s1012 clip_i=correct clip_t=correct dino=drift
[6] uniform_p001_s1012 clip_i=correct clip_t=correct dino=drift
[7] native_p001_s1013 clip_i=drift clip_t=drift dino=drift
[8] routed_p001_s1013 clip_i=drift clip_t=drift dino=drift
[9] uniform_p001_s1013 clip_i=drift clip_t=drift dino=drift
[10] native_p002_s1011 clip_i=drift clip_t=drift dino=correct
[11] routed_p002_s1011 clip_i=drift clip_t=drift dino=correct
[12] uniform_p002_s1011 clip_i=drift clip_t=drift dino=correct
[13] native_p002_s1012 clip_i=drift clip_t=drift dino=correct
[14] routed_p002_s1012 clip_i=drift clip_t=drift dino=correct
[15] uniform_p002_s1012 clip_i=drift clip_t=drift dino=correct
[16] native_p002_s1013 clip_i=drift clip_t=drift dino=correct
[17] routed_p002_s1013 clip_i=drift clip_t=drift dino=correct
[18] uniform_p002_s1013 clip_i=drift clip_t=drift dino=correct
[19] native_p003_s1011 clip_i=drift clip_t=drift dino=correct
[20] routed_p003_s1011 clip_i=correct clip_t=drift dino=correct
[21] uniform_p003_s1011 clip_i=correct clip_t=correct dino=correct
[22] native_p003_s1012 clip_i=drift clip_t=drift dino=drift
[23] routed_p003_s1012 clip_i=drift clip_t=correct dino=drift
[24] uniform_p003_s1012 clip_i=drift clip_t=correct dino=drift
[25] native_p003_s1013 clip_i=correct clip_t=correct dino=correct
[26] routed_p003_s1013 clip_i=correct clip_t=correct dino=correct
[27] uniform_p003_s1013 clip_i=correct clip_t=drift dino=correct
[28] native_p004_s1011 clip_i=drift clip_t=drift dino=drift
[29] routed_p004_s1011 clip_i=drift clip_t=correct dino=drift
[30] uniform_p004_s1011 clip_i=correct clip_t=correct dino=correct
[31] native_p004_s1012 clip_i=drift clip_t=correct dino=drift
[32] routed_p004_s1012 clip_i=drift clip_t=correct dino=drift
[33] uniform_p004_s1012 clip_i=drift clip_t=correct dino=drift
[34] native_p004_s1013 clip_i=drift clip_t=correct dino=correct
[35] routed_p004_s1013 clip_i=correct clip_t=drift dino=correct
[36] uniform_p004_s1013 clip_i=correct clip_t=correct dino=correct
[37] native_p005_s1011 clip_i=drift clip_t=correct dino=correct
[38] routed_p005_s1011 clip_i=drift clip_t=drift dino=correct
[39] uniform_p005_s1011 clip_i=drift clip_t=correct dino=correct
[40] native_p005_s1012 clip_i=drift clip_t=drift dino=drift
[41] routed_p005_s1012 clip_i=drift clip_t=correct dino=drift
[42] uniform_p005_s1012 clip_i=drift clip_t=correct dino=drift
[43] native_p005_s1013 clip_i=drift clip_t=drift dino=drift
[44] routed_p005_s1013 clip_i=drift clip_t=correct dino=correct
[45] uniform_p005_s1013 clip_i=drift clip_t=correct dino=correct
[46] native_p006_s1011 clip_i=drift clip_t=drift dino=drift
[47] native_p006_s1012 clip_i=drift clip_t=drift dino=drift
[48] native_p006_s1013 clip_i=correct clip_t=drift dino=correct
[49] native_p007_s1011 clip_i=correct clip_t=correct dino=drift
[50] routed_p007_s1011 clip_i=correct clip_t=correct dino=correct
[51] uniform_p007_s1011 clip_i=correct clip_t=correct dino=correct
[52] native_p007_s1012 clip_i=drift clip_t=drift dino=correct
[53] native_p007_s1013 clip_i=drift clip_t=drift dino=drift
[54] routed_p007_s1013 clip_i=correct clip_t=correct dino=correct
[55] uniform_p007_s1013 clip_i=correct clip_t=correct dino=correct
[56] native_p008_s1011 clip_i=drift clip_t=drift dino=drift
[57] routed_p008_s1011 clip_i=correct clip_t=drift dino=correct
[58] uniform_p008_s1011 clip_i=correct clip_t=drift dino=correct
[59] native_p008_s1012 clip_i=drift clip_t=drift dino=drift
[60] routed_p008_s1012 clip_i=drift clip_t=correct dino=drift
[61] uniform_p008_s1012 clip_i=drift clip_t=drift dino=drift
[62] native_p008_s1013 clip_i=correct clip_t=drift dino=drift
[63] routed_p008_s1013 clip_i=correct clip_t=drift dino=correct
[64] uniform_p008_s1013 clip_i=correct clip_t=drift dino=correct
[65] native_p009_s1011 clip_i=drift clip_t=drift dino=drift
[66] native_p009_s1012 clip_i=correct clip_t=drift dino=correct
[67] routed_p009_s1012 clip_i=correct clip_t=correct dino=correct
[68] uniform_p009_s1012 clip_i=correct clip_t=correct dino=correct
[69] native_p009_s1013 clip_i=drift clip_t=drift dino=drift
[70] routed_p009_s1013 clip_i=correct clip_t=correct dino=correct
[71] uniform_p009_s1013 clip_i=correct clip_t=correct dino=correct
